﻿
> @figma/my-make-file@0.0.1 build
> node node_modules/vite/bin/vite.js build

[36mvite v6.3.5 [32mbuilding for production...[36m[39m
transforming...
[32mΓ£ô[39m 1771 modules transformed.
node.exe : 
[31mΓ£ù[39m Build 
failed in 2.03s
At line:1 char:1
+ & "C:\Program 
Files\nodejs/node.exe" 
"C:\Users\Harsh 
Chauhan\AppData\ ...
+ ~~~~~~~~~~~~~~~~~~~~~
~~~~~~~~~~~~~~~~~~~~~~~
~~~~~~~~~~~~~~~~~~~~~~~
~~
    + CategoryInfo     
         : NotSpecifi  
  ed: ([31mΓ£ù[39m   
  Build failed in 2    
.03s:String) [], R    
emoteException
    + FullyQualifiedEr 
   rorId : NativeComm  
  andError
 
[31merror during 
build:
[31mCould not resolve 
"../../contexts/PMSCont
ext" from "src/app/page
s/gst/components/GstRep
ortLayout.tsx"[31m
file: [36mH:/4ubilling
/pms/src/app/pages/gst/
components/GstReportLay
out.tsx[31m
    at getRollupError (
file:///H:/4ubilling/pm
s/node_modules/rollup/d
ist/es/shared/parseAst.
js:402:41)
    at error (file:///H
:/4ubilling/pms/node_mo
dules/rollup/dist/es/sh
ared/parseAst.js:398:42
)
    at ModuleLoader.han
dleInvalidResolvedId (f
ile:///H:/4ubilling/pms
/node_modules/rollup/di
st/es/shared/node-entry
.js:21710:24)
    at file:///H:/4ubil
ling/pms/node_modules/r
ollup/dist/es/shared/no
de-entry.js:21670:26[3
9m
